      Lon      Lat    Year Abi_alb     BES Bet_pen Bet_pub Car_bet Cor_ave Fag_syl Fra_exc Jun_oxy Lar_dec     MRS Pic_abi Pin_syl Pin_hal Pop_tre Que_coc Que_ile Que_pub Que_rob Til_cor Ulm_gla   C3_gr   Total   Forest_sum  Natural_sum   Barren_sum
    -0.25    38.75    1800   0.000   0.000   0.000   0.000   0.000   0.000   0.000   0.000   0.000   0.000   0.000   0.000   0.000   0.100   0.000   0.000   0.000   0.000   0.300   0.000   0.000   0.200   0.444        0.000        0.600        0.000
    -0.25    38.75    1801   0.100   0.000   0.000   0.000   0.000   0.000   0.000   0.000   0.000   0.000   0.000   0.000   0.000   0.100   0.000   0.000   0.000   0.000   0.300   0.000   0.000   0.200   0.488        0.000        0.700        0.000
    -0.25    38.75    1802   0.600   0.000   0.000   0.000   0.000   0.000   0.000   0.000   0.000   0.000   0.000   0.000   0.000   0.100   0.000   0.000   0.000   0.000   0.300   0.000   0.000   0.200   0.777        0.000        1.200        0.000
