      Lon      Lat    Year       0_5      5_10     10_15     15_20     20_25     25_30     30_35
      5.5      7.5    2100      0.50      0.50      0.50      0.50      0.80      0.80      0.50
