      Lon      Lat    Year    ForestCWD
      5.5      7.5    2100        1.000
